[05-Feb-2026 18:51:33 America/New_York] SQLSTATE[42S22]: Column not found: 1054 Unknown column 'email' in 'field list'
[06-Feb-2026 10:00:23 America/New_York] SQLSTATE[42S22]: Column not found: 1054 Unknown column 'email' in 'field list'
[06-Feb-2026 10:05:05 America/New_York] SQLSTATE[23000]: Integrity constraint violation: 1452 Cannot add or update a child row: a foreign key constraint fails (`tjaechgob_tjaech_eval`.`admin_password_resets`, CONSTRAINT `admin_password_resets_ibfk_1` FOREIGN KEY (`admin_id`) REFERENCES `admins` (`id`) ON DELETE CASCADE)
[06-Feb-2026 10:39:08 America/New_York] PHP Fatal error:  Cannot declare class AdminAuthController, because the name is already in use in /home/tjaechgob/evaluaciones.tjaech.gob.mx/app/Views/admin/login.php on line 3
[06-Feb-2026 10:39:13 America/New_York] PHP Fatal error:  Cannot declare class AdminAuthController, because the name is already in use in /home/tjaechgob/evaluaciones.tjaech.gob.mx/app/Views/admin/login.php on line 3
[06-Feb-2026 10:39:16 America/New_York] PHP Fatal error:  Cannot declare class AdminAuthController, because the name is already in use in /home/tjaechgob/evaluaciones.tjaech.gob.mx/app/Views/admin/login.php on line 3
[06-Feb-2026 13:52:02 America/New_York] HomeController::index DB=tjaechgob_tjaech_eval active_courses=0
[06-Feb-2026 13:57:57 America/New_York] HomeController::index DB=tjaechgob_tjaech_eval active_courses=0
[06-Feb-2026 13:58:00 America/New_York] HomeController::index DB=tjaechgob_tjaech_eval active_courses=0
[06-Feb-2026 13:59:18 America/New_York] HomeController::index DB=tjaechgob_tjaech_eval host=dedi-1675829.tjaech.gob.mx user=tjaechgob_tjaech_eval_usr@localhost sql_count=1 active_courses=0
[06-Feb-2026 14:02:56 America/New_York] HomeController::index DB=tjaechgob_tjaech_eval host=dedi-1675829.tjaech.gob.mx user=tjaechgob_tjaech_eval_usr@localhost sql_count=1 active_courses=1
[06-Feb-2026 14:05:32 America/New_York] HomeController::index DB=tjaechgob_tjaech_eval host=dedi-1675829.tjaech.gob.mx user=tjaechgob_tjaech_eval_usr@localhost sql_count=1 active_courses=1
[16-Feb-2026 17:28:42 America/New_York] Class "InscripcionesController" not found
[16-Feb-2026 17:28:42 America/New_York] Class "InscripcionesController" not found
[16-Feb-2026 17:28:42 America/New_York] Class "InscripcionesController" not found
[16-Feb-2026 17:29:24 America/New_York] Class "InscripcionesController" not found
[16-Feb-2026 17:29:25 America/New_York] Class "InscripcionesController" not found
[16-Feb-2026 17:32:07 America/New_York] Class "SatisfaccionController" not found
[16-Feb-2026 17:32:07 America/New_York] Class "SatisfaccionController" not found
[16-Feb-2026 17:32:07 America/New_York] Class "SatisfaccionController" not found
[16-Feb-2026 17:34:02 America/New_York] Class "SatisfaccionController" not found
[16-Feb-2026 17:34:03 America/New_York] Class "SatisfaccionController" not found
[16-Feb-2026 17:35:49 America/New_York] Class "SatisfaccionController" not found
[16-Feb-2026 17:35:49 America/New_York] Class "SatisfaccionController" not found
[16-Feb-2026 17:35:51 America/New_York] Class "SatisfaccionController" not found
[16-Feb-2026 17:35:52 America/New_York] Class "SatisfaccionController" not found
[16-Feb-2026 17:37:08 America/New_York] Class "SatisfaccionController" not found
[16-Feb-2026 17:37:09 America/New_York] Class "SatisfaccionController" not found
[16-Feb-2026 17:39:17 America/New_York] Class "SatisfaccionController" not found
[16-Feb-2026 17:39:17 America/New_York] Class "SatisfaccionController" not found
[16-Feb-2026 17:42:31 America/New_York] Class "SatisfaccionController" not found
[16-Feb-2026 17:42:31 America/New_York] Class "SatisfaccionController" not found
[16-Feb-2026 17:42:33 America/New_York] Class "SatisfaccionController" not found
[16-Feb-2026 17:42:34 America/New_York] Class "SatisfaccionController" not found
[16-Feb-2026 17:43:51 America/New_York] Class "SatisfaccionController" not found
[16-Feb-2026 17:43:51 America/New_York] Class "SatisfaccionController" not found
[16-Feb-2026 17:44:26 America/New_York] Class "SatisfaccionController" not found
[16-Feb-2026 17:44:27 America/New_York] Class "SatisfaccionController" not found
[16-Feb-2026 21:07:35 America/New_York] PHP Warning:  Undefined variable $municipios in /home/tjaechgob/evaluaciones.tjaech.gob.mx/app/Views/public/participante_form.php on line 68
[16-Feb-2026 21:07:35 America/New_York] PHP Warning:  foreach() argument must be of type array|object, null given in /home/tjaechgob/evaluaciones.tjaech.gob.mx/app/Views/public/participante_form.php on line 68
[16-Feb-2026 21:12:35 America/New_York] PHP Warning:  Undefined variable $municipios in /home/tjaechgob/evaluaciones.tjaech.gob.mx/app/Views/public/participante_form.php on line 68
[16-Feb-2026 21:12:35 America/New_York] PHP Warning:  foreach() argument must be of type array|object, null given in /home/tjaechgob/evaluaciones.tjaech.gob.mx/app/Views/public/participante_form.php on line 68
[16-Feb-2026 21:13:00 America/New_York] PHP Warning:  Undefined variable $municipios in /home/tjaechgob/evaluaciones.tjaech.gob.mx/app/Views/public/participante_form.php on line 68
[16-Feb-2026 21:13:00 America/New_York] PHP Warning:  foreach() argument must be of type array|object, null given in /home/tjaechgob/evaluaciones.tjaech.gob.mx/app/Views/public/participante_form.php on line 68
[16-Feb-2026 21:13:45 America/New_York] PHP Warning:  Undefined variable $municipios in /home/tjaechgob/evaluaciones.tjaech.gob.mx/app/Views/public/participante_form.php on line 68
[16-Feb-2026 21:13:45 America/New_York] PHP Warning:  foreach() argument must be of type array|object, null given in /home/tjaechgob/evaluaciones.tjaech.gob.mx/app/Views/public/participante_form.php on line 68
[16-Feb-2026 21:13:50 America/New_York] PHP Warning:  Undefined variable $municipios in /home/tjaechgob/evaluaciones.tjaech.gob.mx/app/Views/public/participante_form.php on line 68
[16-Feb-2026 21:13:50 America/New_York] PHP Warning:  foreach() argument must be of type array|object, null given in /home/tjaechgob/evaluaciones.tjaech.gob.mx/app/Views/public/participante_form.php on line 68
[16-Feb-2026 21:13:56 America/New_York] PHP Warning:  Undefined variable $municipios in /home/tjaechgob/evaluaciones.tjaech.gob.mx/app/Views/public/participante_form.php on line 68
[16-Feb-2026 21:13:56 America/New_York] PHP Warning:  foreach() argument must be of type array|object, null given in /home/tjaechgob/evaluaciones.tjaech.gob.mx/app/Views/public/participante_form.php on line 68
[16-Feb-2026 21:14:08 America/New_York] PHP Warning:  Undefined variable $municipios in /home/tjaechgob/evaluaciones.tjaech.gob.mx/app/Views/public/participante_form.php on line 68
[16-Feb-2026 21:14:08 America/New_York] PHP Warning:  foreach() argument must be of type array|object, null given in /home/tjaechgob/evaluaciones.tjaech.gob.mx/app/Views/public/participante_form.php on line 68
[17-Feb-2026 00:10:40 America/New_York] PHP Warning:  Undefined variable $municipios in /home/tjaechgob/evaluaciones.tjaech.gob.mx/app/Views/public/participante_form.php on line 68
[17-Feb-2026 00:10:40 America/New_York] PHP Warning:  foreach() argument must be of type array|object, null given in /home/tjaechgob/evaluaciones.tjaech.gob.mx/app/Views/public/participante_form.php on line 68
[17-Feb-2026 07:47:25 America/New_York] PHP Warning:  Undefined variable $municipios in /home/tjaechgob/evaluaciones.tjaech.gob.mx/app/Views/public/participante_form.php on line 68
[17-Feb-2026 07:47:25 America/New_York] PHP Warning:  foreach() argument must be of type array|object, null given in /home/tjaechgob/evaluaciones.tjaech.gob.mx/app/Views/public/participante_form.php on line 68
[17-Feb-2026 11:48:24 America/New_York] PHP Warning:  Undefined variable $municipios in /home/tjaechgob/evaluaciones.tjaech.gob.mx/app/Views/public/participante_form.php on line 68
[17-Feb-2026 11:48:24 America/New_York] PHP Warning:  foreach() argument must be of type array|object, null given in /home/tjaechgob/evaluaciones.tjaech.gob.mx/app/Views/public/participante_form.php on line 68
[17-Feb-2026 11:51:20 America/New_York] PHP Warning:  Undefined variable $municipios in /home/tjaechgob/evaluaciones.tjaech.gob.mx/app/Views/public/participante_form.php on line 68
[17-Feb-2026 11:51:20 America/New_York] PHP Warning:  foreach() argument must be of type array|object, null given in /home/tjaechgob/evaluaciones.tjaech.gob.mx/app/Views/public/participante_form.php on line 68
[26-Feb-2026 13:30:04 America/New_York] SQLSTATE[HY000]: General error: 3988 Conversion from collation utf8mb4_general_ci into utf8mb3_general_ci impossible for parameter
[26-Feb-2026 13:30:10 America/New_York] SQLSTATE[HY000]: General error: 3988 Conversion from collation utf8mb4_general_ci into utf8mb3_general_ci impossible for parameter
[26-Feb-2026 13:30:13 America/New_York] SQLSTATE[HY000]: General error: 3988 Conversion from collation utf8mb4_general_ci into utf8mb3_general_ci impossible for parameter
[26-Feb-2026 13:30:15 America/New_York] SQLSTATE[HY000]: General error: 3988 Conversion from collation utf8mb4_general_ci into utf8mb3_general_ci impossible for parameter
[26-Feb-2026 13:30:22 America/New_York] SQLSTATE[HY000]: General error: 3988 Conversion from collation utf8mb4_general_ci into utf8mb3_general_ci impossible for parameter
[02-Mar-2026 18:51:43 UTC] SQLSTATE[HY000] [1045] Access denied for user 'tjaechgob_tjaech_eval_usr'@'localhost' (using password: YES)
[02-Mar-2026 18:51:45 UTC] SQLSTATE[HY000] [1045] Access denied for user 'tjaechgob_tjaech_eval_usr'@'localhost' (using password: YES)
[02-Mar-2026 18:52:10 UTC] SQLSTATE[HY000] [1045] Access denied for user 'tjaechgob_tjaech_eval_usr'@'localhost' (using password: YES)
[24-Mar-2026 14:43:32 UTC] [PDOException] SQLSTATE[HY000] [2002] No se puede establecer una conexión ya que el equipo de destino denegó expresamente dicha conexión in C:\laragon\www\evaluaciones.tjaech.gob.mx\app\Core\DB.php:18
#0 C:\laragon\www\evaluaciones.tjaech.gob.mx\app\Core\DB.php(18): PDO->__construct('mysql:host=127....', 'root', Object(SensitiveParameterValue), Array)
#1 C:\laragon\www\evaluaciones.tjaech.gob.mx\app\Models\Curso.php(10): DB::conn()
#2 C:\laragon\www\evaluaciones.tjaech.gob.mx\app\Models\Curso.php(19): Curso::ensureSchema()
#3 C:\laragon\www\evaluaciones.tjaech.gob.mx\app\Controllers\HomeController.php(5): Curso::allActive()
#4 C:\laragon\www\evaluaciones.tjaech.gob.mx\public\index.php(76): HomeController->index()
#5 C:\laragon\www\evaluaciones.tjaech.gob.mx\app\Core\Router.php(27): {closure}()
#6 C:\laragon\www\evaluaciones.tjaech.gob.mx\public\index.php(132): Router->dispatch('GET', '/')
#7 {main}
[11-May-2026 19:58:15 UTC] SMTP error expected 250: 550-The mail server could not deliver mail to admin@example.com.  The account
550-or domain may not exist, they may be blacklisted, or missing the proper dns
550 entries.

[11-May-2026 19:59:10 UTC] SMTP error expected 250: 550-The mail server could not deliver mail to admin2@example.com.  The account
550-or domain may not exist, they may be blacklisted, or missing the proper dns
550 entries.

[11-May-2026 20:02:20 UTC] SMTP error expected 250: 550-The mail server could not deliver mail to admin2@example.com.  The account
550-or domain may not exist, they may be blacklisted, or missing the proper dns
550 entries.

[11-May-2026 20:06:17 UTC] SMTP error expected 250: 550-The mail server could not deliver mail to admin2@example.com.  The account
550-or domain may not exist, they may be blacklisted, or missing the proper dns
550 entries.

[11-May-2026 20:09:06 UTC] SMTP error expected 250: 550-The mail server could not deliver mail to admin3@example.com.  The account
550-or domain may not exist, they may be blacklisted, or missing the proper dns
550 entries.

[11-May-2026 20:29:06 UTC] SMTP error expected 250: 550-The mail server could not deliver mail to admin4@example.com.  The account
550-or domain may not exist, they may be blacklisted, or missing the proper dns
550 entries.

[11-May-2026 20:44:00 UTC] SMTP error expected 250: 550-The mail server could not deliver mail to admin5@example.com.  The account
550-or domain may not exist, they may be blacklisted, or missing the proper dns
550 entries.

